
> bharatai-connect@1.0.0 build
> tsc && vite build

src/services/geminiService.ts(11,29): error TS2339: Property 'env' does not exist on type 'ImportMeta'.
src/services/geminiService.ts(28,25): error TS2339: Property 'getGenerativeModel' does not exist on type 'GoogleGenAI'.
src/services/geminiService.ts(56,25): error TS2339: Property 'getGenerativeModel' does not exist on type 'GoogleGenAI'.
